                0.                 0.         
               10.E-03          -423.475E-06  
               20.E-03            -1.69052E-03
               30.E-03            -3.80408E-03
               40.E-03            -6.76226E-03
               50.E-03           -10.567E-03  
               60.E-03           -15.2186E-03 
               70.E-03           -20.7192E-03 
               80.E-03           -27.0725E-03 
               90.E-03           -34.2822E-03 
              100.E-03           -42.3565E-03 
              110.E-03           -51.3034E-03 
              120.E-03           -61.1366E-03 
              130.E-03           -71.8706E-03 
              140.E-03           -83.5262E-03 
              150.E-03           -96.1258E-03 
              160.E-03          -109.698E-03  
              170.E-03          -124.275E-03  
              180.E-03          -139.891E-03  
              190.E-03          -156.587E-03  
              200.E-03          -174.405E-03  
              210.E-03          -193.39E-03   
              220.E-03          -213.587E-03  
              230.E-03          -235.045E-03  
              240.E-03          -257.811E-03  
              250.E-03          -281.933E-03  
              260.E-03          -307.456E-03  
              270.E-03          -334.425E-03  
              280.E-03          -362.883E-03  
              290.E-03          -392.871E-03  
              300.E-03          -424.427E-03  
              310.E-03          -457.588E-03  
              320.E-03          -492.386E-03  
              330.E-03          -528.851E-03  
              340.E-03          -567.011E-03  
              350.E-03          -606.889E-03  
              360.E-03          -648.501E-03  
              370.E-03          -691.863E-03  
              380.E-03          -736.979E-03  
              390.E-03          -783.849E-03  
              400.E-03          -832.461E-03  
              410.E-03          -882.794E-03  
              420.E-03          -934.809E-03  
              430.E-03          -988.455E-03  
              440.E-03            -1.04366    
              450.E-03            -1.10032    
              460.E-03            -1.15831    
              470.E-03            -1.21749    
              480.E-03            -1.27763    
              490.E-03            -1.33852    
              500.E-03            -1.39984    
              510.E-03            -1.46124    
              520.E-03            -1.52228    
              530.E-03            -1.58245    
              540.E-03            -1.64114    
              550.E-03            -1.69764    
              560.E-03            -1.75112    
              570.E-03            -1.80071    
              580.E-03            -1.84547    
              590.E-03            -1.88449    
              600.E-03            -1.917      
              610.E-03            -1.94248    
              620.E-03            -1.96069    
              630.E-03            -1.97174    
              640.E-03            -1.97601    
              650.E-03            -1.97409    
              660.E-03            -1.96666    
              670.E-03            -1.95448    
              680.E-03            -1.93827    
              690.E-03            -1.9187     
              700.E-03            -1.89641    
              710.E-03            -1.87196    
              720.E-03            -1.84583    
              730.E-03            -1.81849    
              740.E-03            -1.7903     
              750.E-03            -1.76159    
              760.E-03            -1.73264    
              770.E-03            -1.70368    
              780.E-03            -1.6749     
              790.E-03            -1.64645    
              800.E-03            -1.61842    
              810.E-03            -1.59087    
              820.E-03            -1.56384    
              830.E-03            -1.5373     
              840.E-03            -1.5112     
              850.E-03            -1.48544    
              860.E-03            -1.45989    
              870.E-03            -1.43437    
              880.E-03            -1.40871    
              890.E-03            -1.38268    
              900.E-03            -1.35608    
              910.E-03            -1.32871    
              920.E-03            -1.30044    
              930.E-03            -1.27116    
              940.E-03            -1.24085    
              950.E-03            -1.20953    
              960.E-03            -1.17728    
              970.E-03            -1.14419    
              980.E-03            -1.11041    
              990.E-03            -1.07606    
                1.                -1.04129    
                1.01              -1.00621    
                1.02            -970.944E-03  
                1.03            -935.603E-03  
                1.04            -900.279E-03  
                1.05            -865.056E-03  
                1.06            -830.007E-03  
                1.07            -795.197E-03  
                1.08            -760.683E-03  
                1.09            -726.516E-03  
                1.1             -692.739E-03  
                1.11            -659.392E-03  
                1.12            -626.508E-03  
                1.13            -594.117E-03  
                1.14            -562.247E-03  
                1.15            -530.92E-03   
                1.16            -500.154E-03  
                1.17            -469.967E-03  
                1.18            -440.371E-03  
                1.19            -411.377E-03  
                1.2             -382.991E-03  
                1.21            -355.219E-03  
                1.22            -328.062E-03  
                1.23            -301.522E-03  
                1.24            -275.597E-03  
                1.25            -250.287E-03  
                1.26            -225.589E-03  
                1.27            -201.505E-03  
                1.28            -178.04E-03   
                1.29            -155.203E-03  
                1.3             -133.012E-03  
                1.31            -111.495E-03  
                1.32             -90.6912E-03 
                1.33             -70.6533E-03 
                1.34             -51.4476E-03 
                1.35             -33.1533E-03 
                1.36             -15.8604E-03 
                1.37             333.985E-06  
                1.38              15.3292E-03 
                1.39              29.026E-03  
                1.4               41.3301E-03 
                1.41              52.1557E-03 
                1.42              61.4277E-03 
                1.43              69.0822E-03 
                1.44              75.0672E-03 
                1.45              79.3418E-03 
                1.46              81.875E-03  
                1.47              82.6444E-03 
                1.48              81.635E-03  
                1.49              78.8377E-03 
                1.5               74.2481E-03 
                1.51              67.865E-03  
                1.52              59.6902E-03 
                1.53              49.7266E-03 
                1.54              37.9781E-03 
                1.55              24.4485E-03 
                1.56               9.14063E-03
                1.57              -7.94388E-03
                1.58             -26.8056E-03 
                1.59             -47.448E-03  
                1.6              -69.8778E-03 
                1.61             -94.1056E-03 
                1.62            -120.147E-03  
                1.63            -148.022E-03  
                1.64            -177.758E-03  
                1.65            -209.384E-03  
                1.66            -242.941E-03  
                1.67            -278.47E-03   
                1.68            -316.021E-03  
                1.69            -355.647E-03  
                1.7             -397.405E-03  
                1.71            -441.353E-03  
                1.72            -487.548E-03  
                1.73            -536.046E-03  
                1.74            -586.892E-03  
                1.75            -640.123E-03  
                1.76            -695.759E-03  
                1.77            -753.803E-03  
                1.78            -814.232E-03  
                1.79            -876.996E-03  
                1.8             -942.011E-03  
                1.81              -1.00916    
                1.82              -1.07827    
                1.83              -1.14916    
                1.84              -1.22155    
                1.85              -1.29514    
                1.86              -1.36958    
                1.87              -1.4444     
                1.88              -1.51911    
                1.89              -1.59305    
                1.9               -1.66544    
                1.91              -1.73531    
                1.92              -1.80137    
                1.93              -1.86196    
                1.94              -1.91485    
                1.95              -1.95726    
                1.96              -1.98606    
                1.97              -1.9986     
                1.98              -1.99375    
                1.99              -1.97255    
                2.                -1.93756    
                2.01              -1.89179    
                2.02              -1.83797    
                2.03              -1.77827    
                2.04              -1.71437    
                2.05              -1.64754    
                2.06              -1.57879    
                2.07              -1.50894    
                2.08              -1.43863    
                2.09              -1.36842    
                2.1               -1.29878    
                2.11              -1.23011    
                2.12              -1.16273    
                2.13              -1.09693    
                2.14              -1.03295    
                2.15            -970.963E-03  
                2.16            -911.116E-03  
                2.17            -853.516E-03  
                2.18            -798.232E-03  
                2.19            -745.305E-03  
                2.2             -694.751E-03  
                2.21            -646.566E-03  
                2.22            -600.73E-03   
                2.23            -557.211E-03  
                2.24            -515.97E-03   
                2.25            -476.964E-03  
                2.26            -440.149E-03  
                2.27            -405.484E-03  
                2.28            -372.928E-03  
                2.29            -342.448E-03  
                2.3             -314.015E-03  
                2.31            -287.603E-03  
                2.32            -263.197E-03  
                2.33            -240.784E-03  
                2.34            -220.358E-03  
                2.35            -201.917E-03  
                2.36            -185.466E-03  
                2.37            -171.011E-03  
                2.38            -158.562E-03  
                2.39            -148.13E-03   
                2.4             -139.727E-03  
                2.41            -133.364E-03  
                2.42            -129.048E-03  
                2.43            -126.78E-03   
                2.44            -126.55E-03   
                2.45            -128.335E-03  
                2.46            -132.093E-03  
                2.47            -137.755E-03  
                2.48            -145.221E-03  
                2.49            -154.356E-03  
                2.5             -164.989E-03  
                2.51            -176.919E-03  
                2.52            -189.925E-03  
                2.53            -203.783E-03  
                2.54            -218.287E-03  
                2.55            -233.265E-03  
                2.56            -248.589E-03  
                2.57            -264.179E-03  
                2.58            -279.996E-03  
                2.59            -296.039E-03  
                2.6             -312.326E-03  
                2.61            -328.897E-03  
                2.62            -345.797E-03  
                2.63            -363.075E-03  
                2.64            -380.779E-03  
                2.65            -398.955E-03  
                2.66            -417.643E-03  
                2.67            -436.879E-03  
                2.68            -456.693E-03  
                2.69            -477.109E-03  
                2.7             -498.148E-03  
                2.71            -519.823E-03  
                2.72            -542.146E-03  
                2.73            -565.121E-03  
                2.74            -588.752E-03  
                2.75            -613.038E-03  
                2.76            -637.977E-03  
                2.77            -663.562E-03  
                2.78            -689.789E-03  
                2.79            -716.647E-03  
                2.8             -744.129E-03  
                2.81            -772.224E-03  
                2.82            -800.924E-03  
                2.83            -830.217E-03  
                2.84            -860.096E-03  
                2.85            -890.55E-03   
                2.86            -921.57E-03   
                2.87            -953.147E-03  
                2.88            -985.269E-03  
                2.89              -1.01793    
                2.9               -1.05111    
                2.91              -1.08479    
                2.92              -1.11896    
                2.93              -1.15359    
                2.94              -1.18863    
                2.95              -1.22404    
                2.96              -1.25976    
                2.97              -1.29569    
                2.98              -1.33172    
                2.99              -1.3677     
                3.                -1.40344    
                3.01              -1.4387     
                3.02              -1.47315    
                3.03              -1.50639    
                3.04              -1.53794    
                3.05              -1.56721    
                3.06              -1.59355    
                3.07              -1.6163     
                3.08              -1.63491    
                3.09              -1.64915    
                3.1               -1.65915    
                3.11              -1.66549    
                3.12              -1.66901    
                3.13              -1.67067    
                3.14              -1.67131    
                3.15              -1.67166    
                3.16              -1.67226    
                3.17              -1.67351    
                3.18              -1.67569    
                3.19              -1.67898    
                3.2               -1.68349    
                3.21              -1.68925    
                3.22              -1.69626    
                3.23              -1.70446    
                3.24              -1.71374    
                3.25              -1.72397    
                3.26              -1.73495    
                3.27              -1.74648    
                3.28              -1.75829    
                3.29              -1.77008    
                3.3               -1.78152    
                3.31              -1.79222    
                3.32              -1.80179    
                3.33              -1.80974    
                3.34              -1.81559    
                3.35              -1.81876    
                3.36              -1.81862    
                3.37              -1.81446    
                3.38              -1.80546    
                3.39              -1.79072    
                3.4               -1.76922    
                3.41              -1.73994    
                3.42              -1.70195    
                3.43              -1.65465    
                3.44              -1.5981     
                3.45              -1.53311    
                3.46              -1.46115    
                3.47              -1.38402    
                3.48              -1.30347    
                3.49              -1.221      
                3.5               -1.1378     
                3.51              -1.05474    
                3.52            -972.487E-03  
                3.53            -891.525E-03  
                3.54            -812.21E-03   
                3.55            -734.805E-03  
                3.56            -659.507E-03  
                3.57            -586.458E-03  
                3.58            -515.759E-03  
                3.59            -447.481E-03  
                3.6             -381.666E-03  
                3.61            -318.338E-03  
                3.62            -257.5E-03    
                3.63            -199.143E-03  
                3.64            -143.243E-03  
                3.65             -89.7693E-03 
                3.66             -38.68E-03   
                3.67              10.0712E-03 
                3.68              56.536E-03  
                3.69             100.77E-03   
                3.7              142.83E-03   
                3.71             182.774E-03  
                3.72             220.663E-03  
                3.73             256.554E-03  
                3.74             290.505E-03  
                3.75             322.572E-03  
                3.76             352.808E-03  
                3.77             381.266E-03  
                3.78             407.992E-03  
                3.79             433.035E-03  
                3.8              456.436E-03  
                3.81             478.237E-03  
                3.82             498.475E-03  
                3.83             517.186E-03  
                3.84             534.4E-03    
                3.85             550.149E-03  
                3.86             564.461E-03  
                3.87             577.36E-03   
                3.88             588.87E-03   
                3.89             599.014E-03  
                3.9              607.813E-03  
                3.91             615.284E-03  
                3.92             621.447E-03  
                3.93             626.32E-03   
                3.94             629.918E-03  
                3.95             632.26E-03   
                3.96             633.36E-03   
                3.97             633.237E-03  
                3.98             631.906E-03  
                3.99             629.386E-03  
                4.               625.695E-03  
                4.01             620.852E-03  
                4.02             614.878E-03  
                4.03             607.795E-03  
                4.04             599.627E-03  
                4.05             590.399E-03  
                4.06             580.139E-03  
                4.07             568.877E-03  
                4.08             556.644E-03  
                4.09             543.476E-03  
                4.1              529.407E-03  
                4.11             514.477E-03  
                4.12             498.728E-03  
                4.13             482.201E-03  
                4.14             464.941E-03  
                4.15             446.994E-03  
                4.16             428.405E-03  
                4.17             409.221E-03  
                4.18             389.484E-03  
                4.19             369.238E-03  
                4.2              348.52E-03   
                4.21             327.361E-03  
                4.22             305.787E-03  
                4.23             283.813E-03  
                4.24             261.44E-03   
                4.25             238.659E-03  
                4.26             215.441E-03  
                4.27             191.737E-03  
                4.28             167.477E-03  
                4.29             142.568E-03  
                4.3              116.89E-03   
                4.31              90.2958E-03 
                4.32              62.6113E-03 
                4.33              33.6367E-03 
                4.34               3.14794E-03
                4.35             -29.0988E-03 
                4.36             -63.3617E-03 
                4.37             -99.9058E-03 
                4.38            -138.994E-03  
                4.39            -180.875E-03  
                4.4             -225.774E-03  
                4.41            -273.878E-03  
                4.42            -325.324E-03  
                4.43            -380.193E-03  
                4.44            -438.495E-03  
                4.45            -500.168E-03  
                4.46            -565.078E-03  
                4.47            -633.017E-03  
                4.48            -703.715E-03  
                4.49            -776.843E-03  
                4.5             -852.032E-03  
                4.51            -928.877E-03  
                4.52              -1.00695    
                4.53              -1.08582    
                4.54              -1.16504    
                4.55              -1.24418    
                4.56              -1.32278    
                4.57              -1.40039    
                4.58              -1.47653    
                4.59              -1.55067    
                4.6               -1.62222    
                4.61              -1.69044    
                4.62              -1.75436    
                4.63              -1.81269    
                4.64              -1.86357    
                4.65              -1.90429    
                4.66              -1.93094    
                4.67              -1.93854    
                4.68              -1.92256    
                4.69              -1.88198    
                4.7               -1.82057    
                4.71              -1.74449    
                4.72              -1.65919    
                4.73              -1.56843    
                4.74              -1.47456    
                4.75              -1.37911    
                4.76              -1.28308    
                4.77              -1.18718    
                4.78              -1.09195    
                4.79            -997.832E-03  
                4.8             -905.213E-03  
                4.81            -814.447E-03  
                4.82            -725.878E-03  
                4.83            -639.844E-03  
                4.84            -556.691E-03  
                4.85            -476.771E-03  
                4.86            -400.446E-03  
                4.87            -328.086E-03  
                4.88            -260.068E-03  
                4.89            -196.772E-03  
                4.9             -138.573E-03  
                4.91             -85.8388E-03 
                4.92             -38.9231E-03 
                4.93               1.84378E-03
                4.94              36.1604E-03 
                4.95              63.7608E-03 
                4.96              84.4213E-03 
                4.97              97.9669E-03 
                4.98             104.277E-03  
                4.99             103.293E-03  
                5.                95.0224E-03 
                5.01              79.5524E-03 
                5.02              57.0521E-03 
                5.03              27.7836E-03 
                5.04              -7.89452E-03
                5.05             -49.5249E-03 
                5.06             -96.5576E-03 
                5.07            -148.363E-03  
                5.08            -204.251E-03  
                5.09            -263.5E-03    
                5.1             -325.384E-03  
                5.11            -389.206E-03  
                5.12            -454.318E-03  
                5.13            -520.145E-03  
                5.14            -586.195E-03  
                5.15            -652.062E-03  
                5.16            -717.424E-03  
                5.17            -782.038E-03  
                5.18            -845.723E-03  
                5.19            -908.357E-03  
                5.2             -969.857E-03  
                5.21              -1.03017    
                5.22              -1.08926    
                5.23              -1.14709    
                5.24              -1.20364    
                5.25              -1.25884    
                5.26              -1.31263    
                5.27              -1.36489    
                5.28              -1.41544    
                5.29              -1.46403    
                5.3               -1.51032    
                5.31              -1.5538     
                5.32              -1.59374    
                5.33              -1.62912    
                5.34              -1.65843    
                5.35              -1.67949    
                5.36              -1.68927    
                5.37              -1.68398    
                5.38              -1.66042    
                5.39              -1.61831    
                5.4               -1.56136    
                5.41              -1.49514    
                5.42              -1.42436    
                5.43              -1.35202    
                5.44              -1.27981    
                5.45              -1.20866    
                5.46              -1.13909    
                5.47              -1.07138    
                5.48              -1.0057     
                5.49            -942.125E-03  
                5.5             -880.707E-03  
                5.51            -821.46E-03   
                5.52            -764.379E-03  
                5.53            -709.448E-03  
                5.54            -656.64E-03   
                5.55            -605.92E-03   
                5.56            -557.244E-03  
                5.57            -510.56E-03   
                5.58            -465.809E-03  
                5.59            -422.922E-03  
                5.6             -381.822E-03  
                5.61            -342.424E-03  
                5.62            -304.633E-03  
                5.63            -268.346E-03  
                5.64            -233.455E-03  
                5.65            -199.848E-03  
                5.66            -167.41E-03   
                5.67            -136.035E-03  
                5.68            -105.622E-03  
                5.69             -76.0865E-03 
                5.7              -47.364E-03  
                5.71             -19.4138E-03 
                5.72               7.77802E-03
                5.73              34.1972E-03 
                5.74              59.8026E-03 
                5.75              84.5287E-03 
                5.76             108.29E-03   
                5.77             130.986E-03  
                5.78             152.507E-03  
                5.79             172.737E-03  
                5.8              191.562E-03  
                5.81             208.87E-03   
                5.82             224.555E-03  
                5.83             238.518E-03  
                5.84             250.667E-03  
                5.85             260.92E-03   
                5.86             269.201E-03  
                5.87             275.442E-03  
                5.88             279.581E-03  
                5.89             281.563E-03  
                5.9              281.336E-03  
                5.91             278.854E-03  
                5.92             274.071E-03  
                5.93             266.948E-03  
                5.94             257.444E-03  
                5.95             245.521E-03  
                5.96             231.141E-03  
                5.97             214.268E-03  
                5.98             194.864E-03  
                5.99             172.89E-03   
                6.               148.309E-03  
                6.01             121.079E-03  
                6.02              91.1587E-03 
                6.03              58.5051E-03 
                6.04              23.0729E-03 
                6.05             -15.184E-03  
                6.06             -56.3127E-03 
                6.07            -100.359E-03  
                6.08            -147.365E-03  
                6.09            -197.365E-03  
                6.1             -250.376E-03  
                6.11            -306.382E-03  
                6.12            -365.314E-03  
                6.13            -427.009E-03  
                6.14            -491.154E-03  
                6.15            -557.212E-03  
                6.16            -624.348E-03  
                6.17            -691.416E-03  
                6.18            -757.063E-03  
                6.19            -819.982E-03  
                6.2             -879.187E-03  
                6.21            -934.162E-03  
                6.22            -984.825E-03  
                6.23              -1.03138    
                6.24              -1.07417    
                6.25              -1.11358    
                6.26              -1.14997    
                6.27              -1.18367    
                6.28              -1.21497    
                6.29              -1.24413    
                6.3               -1.27135    
                6.31              -1.29685    
                6.32              -1.32081    
                6.33              -1.3434     
                6.34              -1.36479    
                6.35              -1.38517    
                6.36              -1.40471    
                6.37              -1.42358    
                6.38              -1.44197    
                6.39              -1.46008    
                6.4               -1.47808    
                6.41              -1.49617    
                6.42              -1.51453    
                6.43              -1.53336    
                6.44              -1.55281    
                6.45              -1.57305    
                6.46              -1.59422    
                6.47              -1.61643    
                6.48              -1.63978    
                6.49              -1.66433    
                6.5               -1.69011    
                6.51              -1.71709    
                6.52              -1.74522    
                6.53              -1.77435    
                6.54              -1.80428    
                6.55              -1.83468    
                6.56              -1.86507    
                6.57              -1.89476    
                6.58              -1.92278    
                6.59              -1.94778    
                6.6               -1.96798    
                6.61              -1.98135    
                6.62              -1.98605    
                6.63              -1.98113    
                6.64              -1.96699    
                6.65              -1.94512    
                6.66              -1.91744    
                6.67              -1.88575    
                6.68              -1.85148    
                6.69              -1.81574    
                6.7               -1.7793     
                6.71              -1.74273    
                6.72              -1.70643    
                6.73              -1.67068    
                6.74              -1.63566    
                6.75              -1.60151    
                6.76              -1.56828    
                6.77              -1.536      
                6.78              -1.50466    
                6.79              -1.47423    
                6.8               -1.44465    
                6.81              -1.41584    
                6.82              -1.38772    
                6.83              -1.36019    
                6.84              -1.33315    
                6.85              -1.30649    
                6.86              -1.28012    
                6.87              -1.25393    
                6.88              -1.22781    
                6.89              -1.20168    
                6.9               -1.17546    
                6.91              -1.14905    
                6.92              -1.1224     
                6.93              -1.09543    
                6.94              -1.06809    
                6.95              -1.04031    
                6.96              -1.01204    
                6.97            -983.24E-03   
                6.98            -953.839E-03  
                6.99            -923.781E-03  
                7.              -892.997E-03  
                7.01            -861.406E-03  
                7.02            -828.916E-03  
                7.03            -795.416E-03  
                7.04            -760.776E-03  
                7.05            -724.849E-03  
                7.06            -687.474E-03  
                7.07            -648.487E-03  
                7.08            -607.744E-03  
                7.09            -565.167E-03  
                7.1             -520.792E-03  
                7.11            -474.845E-03  
                7.12            -427.779E-03  
                7.13            -380.257E-03  
                7.14            -333.063E-03  
                7.15            -286.972E-03  
                7.16            -242.634E-03  
                7.17            -200.524E-03  
                7.18            -160.947E-03  
                7.19            -124.07E-03   
                7.2              -89.9662E-03 
                7.21             -58.6425E-03 
                7.22             -30.0696E-03 
                7.23              -4.19521E-03
                7.24              19.0448E-03 
                7.25              39.7205E-03 
                7.26              57.9049E-03 
                7.27              73.6715E-03 
                7.28              87.0938E-03 
                7.29              98.2449E-03 
                7.3              107.198E-03  
                7.31             114.025E-03  
                7.32             118.801E-03  
                7.33             121.6E-03    
                7.34             122.497E-03  
                7.35             121.57E-03   
                7.36             118.899E-03  
                7.37             114.566E-03  
                7.38             108.657E-03  
                7.39             101.259E-03  
                7.4               92.4627E-03 
                7.41              82.3602E-03 
                7.42              71.0458E-03 
                7.43              58.6139E-03 
                7.44              45.1577E-03 
                7.45              30.7677E-03 
                7.46              15.5291E-03 
                7.47            -480.927E-06  
                7.48             -17.1966E-03 
                7.49             -34.5664E-03 
                7.5              -52.5573E-03 
                7.51             -71.1579E-03 
                7.52             -90.3827E-03 
                7.53            -110.274E-03  
                7.54            -130.906E-03  
                7.55            -152.381E-03  
                7.56            -174.835E-03  
                7.57            -198.43E-03   
                7.58            -223.355E-03  
                7.59            -249.815E-03  
                7.6             -278.026E-03  
                7.61            -308.206E-03  
                7.62            -340.56E-03   
                7.63            -375.272E-03  
                7.64            -412.487E-03  
                7.65            -452.304E-03  
                7.66            -494.762E-03  
                7.67            -539.831E-03  
                7.68            -587.413E-03  
                7.69            -637.334E-03  
                7.7             -689.351E-03  
                7.71            -743.164E-03  
                7.72            -798.421E-03  
                7.73            -854.737E-03  
                7.74            -911.707E-03  
                7.75            -968.924E-03  
                7.76              -1.02599    
                7.77              -1.08252    
                7.78              -1.13816    
                7.79              -1.19258    
                7.8               -1.2455     
                7.81              -1.29663    
                7.82              -1.34573    
                7.83              -1.39253    
                7.84              -1.43678    
                7.85              -1.47818    
                7.86              -1.51638    
                7.87              -1.55096    
                7.88              -1.58133    
                7.89              -1.60672    
                7.9               -1.62604    
                7.91              -1.63777    
                7.92              -1.63979    
                7.93              -1.62925    
                7.94              -1.60298    
                7.95              -1.55881    
                7.96              -1.49754    
                7.97              -1.42324    
                7.98              -1.34116    
                7.99              -1.25553    
                8.                -1.169      
                8.01              -1.08309    
                8.02            -998.661E-03  
                8.03            -916.199E-03  
                8.04            -836.004E-03  
                8.05            -758.272E-03  
                8.06            -683.144E-03  
                8.07            -610.734E-03  
                8.08            -541.146E-03  
                8.09            -474.486E-03  
                8.1             -410.865E-03  
                8.11            -350.409E-03  
                8.12            -293.265E-03  
                8.13            -239.602E-03  
                8.14            -189.62E-03   
                8.15            -143.553E-03  
                8.16            -101.674E-03  
                8.17             -64.3009E-03 
                8.18             -31.799E-03  
                8.19              -4.58015E-03
                8.2               16.9019E-03 
                8.21              32.1651E-03 
                8.22              40.7237E-03 
                8.23              42.1258E-03 
                8.24              36.0022E-03 
                8.25              22.1215E-03 
                8.26             439.136E-06  
                8.27             -28.8752E-03 
                8.28             -65.4406E-03 
                8.29            -108.702E-03  
                8.3             -157.993E-03  
                8.31            -212.599E-03  
                8.32            -271.82E-03   
                8.33            -335.012E-03  
                8.34            -401.611E-03  
                8.35            -471.139E-03  
                8.36            -543.2E-03    
                8.37            -617.473E-03  
                8.38            -693.697E-03  
                8.39            -771.659E-03  
                8.4             -851.183E-03  
                8.41            -932.115E-03  
                8.42              -1.01431    
                8.43              -1.09764    
                8.44              -1.18194    
                8.45              -1.26702    
                8.46              -1.35266    
                8.47              -1.43854    
                8.48              -1.52419    
                8.49              -1.60892    
                8.5               -1.69163    
                8.51              -1.77051    
                8.52              -1.84253    
                8.53              -1.9027     
                8.54              -1.94409    
                8.55              -1.96046    
                8.56              -1.95067    
                8.57              -1.91915    
                8.58              -1.87215    
                8.59              -1.81473    
                8.6               -1.7503     
                8.61              -1.68102    
                8.62              -1.6083     
                8.63              -1.53308    
                8.64              -1.45597    
                8.65              -1.37743    
                8.66              -1.29778    
                8.67              -1.21726    
                8.68              -1.13607    
                8.69              -1.05438    
                8.7             -972.342E-03  
                8.71            -890.135E-03  
                8.72            -807.953E-03  
                8.73            -726.035E-03  
                8.74            -644.684E-03  
                8.75            -564.28E-03   
                8.76            -485.304E-03  
                8.77            -408.349E-03  
                8.78            -334.134E-03  
                8.79            -263.499E-03  
                8.8             -197.393E-03  
                8.81            -136.836E-03  
                8.82             -82.861E-03  
                8.83             -36.4459E-03 
                8.84               1.56768E-03
                8.85              30.5404E-03 
                8.86              50.0787E-03 
                8.87              60.0472E-03 
                8.88              60.549E-03  
                8.89              51.8849E-03 
                8.9               34.5014E-03 
                8.91               8.93885E-03
                8.92             -24.2141E-03 
                8.93             -64.3555E-03 
                8.94            -110.896E-03  
                8.95            -163.273E-03  
                8.96            -220.965E-03  
                8.97            -283.49E-03   
                8.98            -350.411E-03  
                8.99            -421.333E-03  
                9.              -495.899E-03  
                9.01            -573.783E-03  
                9.02            -654.693E-03  
                9.03            -738.353E-03  
                9.04            -824.505E-03  
                9.05            -912.893E-03  
                9.06              -1.00325    
                9.07              -1.09529    
                9.08              -1.18866    
                9.09              -1.28288    
                9.1               -1.37732    
                9.11              -1.47097    
                9.12              -1.56221    
                9.13              -1.64835    
                9.14              -1.72503    
                9.15              -1.78628    
                9.16              -1.82653    
                9.17              -1.84387    
                9.18              -1.84075    
                9.19              -1.8216     
                9.2               -1.79049    
                9.21              -1.75046    
                9.22              -1.70361    
                9.23              -1.6514     
                9.24              -1.59486    
                9.25              -1.53477    
                9.26              -1.47171    
                9.27              -1.40618    
                9.28              -1.3386     
                9.29              -1.26936    
                9.3               -1.19886    
                9.31              -1.12746    
                9.32              -1.05558    
                9.33            -983.63E-03   
                9.34            -912.036E-03  
                9.35            -841.243E-03  
                9.36            -771.694E-03  
                9.37            -703.822E-03  
                9.38            -638.035E-03  
                9.39            -574.701E-03  
                9.4             -514.135E-03  
                9.41            -456.583E-03  
                9.42            -402.218E-03  
                9.43            -351.132E-03  
                9.44            -303.335E-03  
                9.45            -258.766E-03  
                9.46            -217.293E-03  
                9.47            -178.729E-03  
                9.48            -142.845E-03  
                9.49            -109.381E-03  
                9.5              -78.0615E-03 
                9.51             -48.6057E-03 
                9.52             -20.739E-03  
                9.53               5.79922E-03
                9.54              31.2484E-03 
                9.55              55.8226E-03 
                9.56              79.7071E-03 
                9.57             103.057E-03  
                9.58             125.999E-03  
                9.59             148.627E-03  
                9.6              171.01E-03   
                9.61             193.19E-03   
                9.62             215.189E-03  
                9.63             237.005E-03  
                9.64             258.621E-03  
                9.65             280.007E-03  
                9.66             301.118E-03  
                9.67             321.904E-03  
                9.68             342.306E-03  
                9.69             362.262E-03  
                9.7              381.706E-03  
                9.71             400.573E-03  
                9.72             418.795E-03  
                9.73             436.308E-03  
                9.74             453.05E-03   
                9.75             468.959E-03  
                9.76             483.978E-03  
                9.77             498.052E-03  
                9.78             511.13E-03   
                9.79             523.164E-03  
                9.8              534.11E-03   
                9.81             543.925E-03  
                9.82             552.572E-03  
                9.83             560.014E-03  
                9.84             566.218E-03  
                9.85             571.154E-03  
                9.86             574.792E-03  
                9.87             577.107E-03  
                9.88             578.071E-03  
                9.89             577.662E-03  
                9.9              575.856E-03  
                9.91             572.631E-03  
                9.92             567.967E-03  
                9.93             561.841E-03  
                9.94             554.233E-03  
                9.95             545.121E-03  
                9.96             534.485E-03  
                9.97             522.303E-03  
                9.98             508.552E-03  
                9.99             493.209E-03  
               10.               476.25E-03   




